// Vitest Snapshot v1, https://vitest.dev/guide/snapshot.html

exports[`GET / returns list of users 1`] = `
{
  "data": [
    {
      "attributes": {
        "firstName": "amaury",
      },
      "id": "12345678910abcdef",
      "links": {
        "self": "/api/v1/users/12345678910abcdef",
      },
      "type": "users",
    },
    {
      "attributes": {
        "firstName": "sebastien",
      },
      "id": "9876543210",
      "links": {
        "self": "/api/v1/users/9876543210",
      },
      "type": "users",
    },
  ],
  "jsonapi": {
    "version": "1.0",
  },
  "links": {
    "self": "/api/v1/users",
  },
}
`;
